============================= test session starts =============================
platform win32 -- Python 3.11.9, pytest-9.0.2, pluggy-1.6.0 -- C:\Users\eqhsp\.antigravity\A2A_MCP\A2A_MCP\.venv\Scripts\python.exe
cachedir: .pytest_cache
rootdir: C:\Users\eqhsp\.antigravity\A2A_MCP\A2A_MCP
plugins: anyio-4.12.1, asyncio-1.3.0
asyncio: mode=Mode.STRICT, debug=False, asyncio_default_fixture_loop_scope=None, asyncio_default_test_loop_scope=function
collecting ... collected 17 items / 10 errors
run-last-failure: 13 known failures not in selected tests

=================================== ERRORS ====================================
_______________ ERROR collecting tests/test_gemini_agent_e2e.py _______________
.venv\Lib\site-packages\_pytest\python.py:507: in importtestmodule
    mod = import_path(
.venv\Lib\site-packages\_pytest\pathlib.py:587: in import_path
    importlib.import_module(module_name)
..\..\..\AppData\Local\Programs\Python\Python311\Lib\importlib\__init__.py:126: in import_module
    return _bootstrap._gcd_import(name[level:], package, level)
           ^^^^^^^^^^^^^^^^^^^^^^^^^^^^^^^^^^^^^^^^^^^^^^^^^^^^
<frozen importlib._bootstrap>:1204: in _gcd_import
    ???
<frozen importlib._bootstrap>:1176: in _find_and_load
    ???
<frozen importlib._bootstrap>:1147: in _find_and_load_unlocked
    ???
<frozen importlib._bootstrap>:690: in _load_unlocked
    ???
.venv\Lib\site-packages\_pytest\assertion\rewrite.py:197: in exec_module
    exec(co, module.__dict__)
tests\test_gemini_agent_e2e.py:4: in <module>
    from agents.gemini_agent import GeminiAgent
agents\gemini_agent.py:5: in <module>
    from middleware.runtime import AgenticRuntime
middleware\__init__.py:1: in <module>
    from .runtime import AgenticRuntime
middleware\runtime.py:2: in <module>
    from .events import PostgresEventStore
middleware\events.py:3: in <module>
    from orchestrator.storage import _db_manager
E     File "C:\Users\eqhsp\.antigravity\A2A_MCP\A2A_MCP\orchestrator\storage.py", line 3
E       <<<<<<< ours
E       ^^
E   SyntaxError: invalid syntax
______________ ERROR collecting tests/test_genie_scaffolding.py _______________
.venv\Lib\site-packages\_pytest\python.py:507: in importtestmodule
    mod = import_path(
.venv\Lib\site-packages\_pytest\pathlib.py:587: in import_path
    importlib.import_module(module_name)
..\..\..\AppData\Local\Programs\Python\Python311\Lib\importlib\__init__.py:126: in import_module
    return _bootstrap._gcd_import(name[level:], package, level)
           ^^^^^^^^^^^^^^^^^^^^^^^^^^^^^^^^^^^^^^^^^^^^^^^^^^^^
<frozen importlib._bootstrap>:1204: in _gcd_import
    ???
<frozen importlib._bootstrap>:1176: in _find_and_load
    ???
<frozen importlib._bootstrap>:1147: in _find_and_load_unlocked
    ???
<frozen importlib._bootstrap>:690: in _load_unlocked
    ???
.venv\Lib\site-packages\_pytest\assertion\rewrite.py:197: in exec_module
    exec(co, module.__dict__)
tests\test_genie_scaffolding.py:5: in <module>
    from middleware.genie_adapter import GenieAdapter
middleware\__init__.py:1: in <module>
    from .runtime import AgenticRuntime
middleware\runtime.py:2: in <module>
    from .events import PostgresEventStore
middleware\events.py:3: in <module>
    from orchestrator.storage import _db_manager
E     File "C:\Users\eqhsp\.antigravity\A2A_MCP\A2A_MCP\orchestrator\storage.py", line 3
E       <<<<<<< ours
E       ^^
E   SyntaxError: invalid syntax
____________ ERROR collecting tests/test_ghost_void_integration.py ____________
.venv\Lib\site-packages\_pytest\python.py:507: in importtestmodule
    mod = import_path(
.venv\Lib\site-packages\_pytest\pathlib.py:587: in import_path
    importlib.import_module(module_name)
..\..\..\AppData\Local\Programs\Python\Python311\Lib\importlib\__init__.py:126: in import_module
    return _bootstrap._gcd_import(name[level:], package, level)
           ^^^^^^^^^^^^^^^^^^^^^^^^^^^^^^^^^^^^^^^^^^^^^^^^^^^^
<frozen importlib._bootstrap>:1204: in _gcd_import
    ???
<frozen importlib._bootstrap>:1176: in _find_and_load
    ???
<frozen importlib._bootstrap>:1147: in _find_and_load_unlocked
    ???
<frozen importlib._bootstrap>:690: in _load_unlocked
    ???
.venv\Lib\site-packages\_pytest\assertion\rewrite.py:197: in exec_module
    exec(co, module.__dict__)
tests\test_ghost_void_integration.py:13: in <module>
    from agency_hub.docking_shell import DockingShell
agency_hub\docking_shell.py:11: in <module>
    from middleware import AgenticRuntime
middleware\__init__.py:1: in <module>
    from .runtime import AgenticRuntime
middleware\runtime.py:2: in <module>
    from .events import PostgresEventStore
middleware\events.py:3: in <module>
    from orchestrator.storage import _db_manager
E     File "C:\Users\eqhsp\.antigravity\A2A_MCP\A2A_MCP\orchestrator\storage.py", line 3
E       <<<<<<< ours
E       ^^
E   SyntaxError: invalid syntax
________________ ERROR collecting tests/test_handshake_flow.py ________________
.venv\Lib\site-packages\_pytest\python.py:507: in importtestmodule
    mod = import_path(
.venv\Lib\site-packages\_pytest\pathlib.py:587: in import_path
    importlib.import_module(module_name)
..\..\..\AppData\Local\Programs\Python\Python311\Lib\importlib\__init__.py:126: in import_module
    return _bootstrap._gcd_import(name[level:], package, level)
           ^^^^^^^^^^^^^^^^^^^^^^^^^^^^^^^^^^^^^^^^^^^^^^^^^^^^
<frozen importlib._bootstrap>:1204: in _gcd_import
    ???
<frozen importlib._bootstrap>:1176: in _find_and_load
    ???
<frozen importlib._bootstrap>:1147: in _find_and_load_unlocked
    ???
<frozen importlib._bootstrap>:690: in _load_unlocked
    ???
.venv\Lib\site-packages\_pytest\assertion\rewrite.py:197: in exec_module
    exec(co, module.__dict__)
tests\test_handshake_flow.py:4: in <module>
    from middleware import AgenticRuntime
middleware\__init__.py:1: in <module>
    from .runtime import AgenticRuntime
middleware\runtime.py:2: in <module>
    from .events import PostgresEventStore
middleware\events.py:3: in <module>
    from orchestrator.storage import _db_manager
E     File "C:\Users\eqhsp\.antigravity\A2A_MCP\A2A_MCP\orchestrator\storage.py", line 3
E       <<<<<<< ours
E       ^^
E   SyntaxError: invalid syntax
_______________ ERROR collecting tests/test_locomotion_model.py _______________
.venv\Lib\site-packages\_pytest\python.py:507: in importtestmodule
    mod = import_path(
.venv\Lib\site-packages\_pytest\pathlib.py:587: in import_path
    importlib.import_module(module_name)
..\..\..\AppData\Local\Programs\Python\Python311\Lib\importlib\__init__.py:126: in import_module
    return _bootstrap._gcd_import(name[level:], package, level)
           ^^^^^^^^^^^^^^^^^^^^^^^^^^^^^^^^^^^^^^^^^^^^^^^^^^^^
<frozen importlib._bootstrap>:1204: in _gcd_import
    ???
<frozen importlib._bootstrap>:1176: in _find_and_load
    ???
<frozen importlib._bootstrap>:1147: in _find_and_load_unlocked
    ???
<frozen importlib._bootstrap>:690: in _load_unlocked
    ???
.venv\Lib\site-packages\_pytest\assertion\rewrite.py:197: in exec_module
    exec(co, module.__dict__)
tests\test_locomotion_model.py:5: in <module>
    from agency_hub.architect.locomotion import LocomotionController
agency_hub\architect\locomotion.py:6: in <module>
    from middleware.runtime import AgenticRuntime
middleware\__init__.py:1: in <module>
    from .runtime import AgenticRuntime
middleware\runtime.py:2: in <module>
    from .events import PostgresEventStore
middleware\events.py:3: in <module>
    from orchestrator.storage import _db_manager
E     File "C:\Users\eqhsp\.antigravity\A2A_MCP\A2A_MCP\orchestrator\storage.py", line 3
E       <<<<<<< ours
E       ^^
E   SyntaxError: invalid syntax
______________ ERROR collecting tests/test_middleware_runtime.py ______________
.venv\Lib\site-packages\_pytest\python.py:507: in importtestmodule
    mod = import_path(
.venv\Lib\site-packages\_pytest\pathlib.py:587: in import_path
    importlib.import_module(module_name)
..\..\..\AppData\Local\Programs\Python\Python311\Lib\importlib\__init__.py:126: in import_module
    return _bootstrap._gcd_import(name[level:], package, level)
           ^^^^^^^^^^^^^^^^^^^^^^^^^^^^^^^^^^^^^^^^^^^^^^^^^^^^
<frozen importlib._bootstrap>:1204: in _gcd_import
    ???
<frozen importlib._bootstrap>:1176: in _find_and_load
    ???
<frozen importlib._bootstrap>:1147: in _find_and_load_unlocked
    ???
<frozen importlib._bootstrap>:690: in _load_unlocked
    ???
.venv\Lib\site-packages\_pytest\assertion\rewrite.py:197: in exec_module
    exec(co, module.__dict__)
tests\test_middleware_runtime.py:3: in <module>
    from middleware import AgenticRuntime
middleware\__init__.py:1: in <module>
    from .runtime import AgenticRuntime
middleware\runtime.py:2: in <module>
    from .events import PostgresEventStore
middleware\events.py:3: in <module>
    from orchestrator.storage import _db_manager
E     File "C:\Users\eqhsp\.antigravity\A2A_MCP\A2A_MCP\orchestrator\storage.py", line 3
E       <<<<<<< ours
E       ^^
E   SyntaxError: invalid syntax
_________________ ERROR collecting tests/test_mlops_ticker.py _________________
.venv\Lib\site-packages\_pytest\python.py:507: in importtestmodule
    mod = import_path(
.venv\Lib\site-packages\_pytest\pathlib.py:587: in import_path
    importlib.import_module(module_name)
..\..\..\AppData\Local\Programs\Python\Python311\Lib\importlib\__init__.py:126: in import_module
    return _bootstrap._gcd_import(name[level:], package, level)
           ^^^^^^^^^^^^^^^^^^^^^^^^^^^^^^^^^^^^^^^^^^^^^^^^^^^^
<frozen importlib._bootstrap>:1204: in _gcd_import
    ???
<frozen importlib._bootstrap>:1176: in _find_and_load
    ???
<frozen importlib._bootstrap>:1147: in _find_and_load_unlocked
    ???
<frozen importlib._bootstrap>:690: in _load_unlocked
    ???
.venv\Lib\site-packages\_pytest\assertion\rewrite.py:197: in exec_module
    exec(co, module.__dict__)
tests\test_mlops_ticker.py:3: in <module>
    from middleware.events import PostgresEventStore
middleware\__init__.py:1: in <module>
    from .runtime import AgenticRuntime
middleware\runtime.py:2: in <module>
    from .events import PostgresEventStore
middleware\events.py:3: in <module>
    from orchestrator.storage import _db_manager
E     File "C:\Users\eqhsp\.antigravity\A2A_MCP\A2A_MCP\orchestrator\storage.py", line 3
E       <<<<<<< ours
E       ^^
E   SyntaxError: invalid syntax
____________ ERROR collecting tests/test_plan_state_persistence.py ____________
.venv\Lib\site-packages\_pytest\python.py:507: in importtestmodule
    mod = import_path(
.venv\Lib\site-packages\_pytest\pathlib.py:587: in import_path
    importlib.import_module(module_name)
..\..\..\AppData\Local\Programs\Python\Python311\Lib\importlib\__init__.py:126: in import_module
    return _bootstrap._gcd_import(name[level:], package, level)
           ^^^^^^^^^^^^^^^^^^^^^^^^^^^^^^^^^^^^^^^^^^^^^^^^^^^^
<frozen importlib._bootstrap>:1204: in _gcd_import
    ???
<frozen importlib._bootstrap>:1176: in _find_and_load
    ???
<frozen importlib._bootstrap>:1147: in _find_and_load_unlocked
    ???
<frozen importlib._bootstrap>:690: in _load_unlocked
    ???
.venv\Lib\site-packages\_pytest\assertion\rewrite.py:197: in exec_module
    exec(co, module.__dict__)
tests\test_plan_state_persistence.py:4: in <module>
    from orchestrator import storage
E     File "C:\Users\eqhsp\.antigravity\A2A_MCP\A2A_MCP\orchestrator\storage.py", line 3
E       <<<<<<< ours
E       ^^
E   SyntaxError: invalid syntax
______________ ERROR collecting tests/test_tetris_aggregation.py ______________
.venv\Lib\site-packages\_pytest\python.py:507: in importtestmodule
    mod = import_path(
.venv\Lib\site-packages\_pytest\pathlib.py:587: in import_path
    importlib.import_module(module_name)
..\..\..\AppData\Local\Programs\Python\Python311\Lib\importlib\__init__.py:126: in import_module
    return _bootstrap._gcd_import(name[level:], package, level)
           ^^^^^^^^^^^^^^^^^^^^^^^^^^^^^^^^^^^^^^^^^^^^^^^^^^^^
<frozen importlib._bootstrap>:1204: in _gcd_import
    ???
<frozen importlib._bootstrap>:1176: in _find_and_load
    ???
<frozen importlib._bootstrap>:1147: in _find_and_load_unlocked
    ???
<frozen importlib._bootstrap>:690: in _load_unlocked
    ???
.venv\Lib\site-packages\_pytest\assertion\rewrite.py:197: in exec_module
    exec(co, module.__dict__)
tests\test_tetris_aggregation.py:5: in <module>
    from middleware.observers.tetris import TetrisScoreAggregator
middleware\__init__.py:1: in <module>
    from .runtime import AgenticRuntime
middleware\runtime.py:2: in <module>
    from .events import PostgresEventStore
middleware\events.py:3: in <module>
    from orchestrator.storage import _db_manager
E     File "C:\Users\eqhsp\.antigravity\A2A_MCP\A2A_MCP\orchestrator\storage.py", line 3
E       <<<<<<< ours
E       ^^
E   SyntaxError: invalid syntax
_______________ ERROR collecting tests/test_tetris_observer.py ________________
.venv\Lib\site-packages\_pytest\python.py:507: in importtestmodule
    mod = import_path(
.venv\Lib\site-packages\_pytest\pathlib.py:587: in import_path
    importlib.import_module(module_name)
..\..\..\AppData\Local\Programs\Python\Python311\Lib\importlib\__init__.py:126: in import_module
    return _bootstrap._gcd_import(name[level:], package, level)
           ^^^^^^^^^^^^^^^^^^^^^^^^^^^^^^^^^^^^^^^^^^^^^^^^^^^^
<frozen importlib._bootstrap>:1204: in _gcd_import
    ???
<frozen importlib._bootstrap>:1176: in _find_and_load
    ???
<frozen importlib._bootstrap>:1147: in _find_and_load_unlocked
    ???
<frozen importlib._bootstrap>:690: in _load_unlocked
    ???
.venv\Lib\site-packages\_pytest\assertion\rewrite.py:197: in exec_module
    exec(co, module.__dict__)
tests\test_tetris_observer.py:4: in <module>
    from middleware.observers.tetris import TetrisScoreAggregator
middleware\__init__.py:1: in <module>
    from .runtime import AgenticRuntime
middleware\runtime.py:2: in <module>
    from .events import PostgresEventStore
middleware\events.py:3: in <module>
    from orchestrator.storage import _db_manager
E     File "C:\Users\eqhsp\.antigravity\A2A_MCP\A2A_MCP\orchestrator\storage.py", line 3
E       <<<<<<< ours
E       ^^
E   SyntaxError: invalid syntax
============================== warnings summary ===============================
agents\tester.py:1
  C:\Users\eqhsp\.antigravity\A2A_MCP\A2A_MCP\agents\tester.py:1: PytestCollectionWarning: cannot collect test class 'TesterAgent' because it has a __init__ constructor (from: tests/test_agents_import.py)
    class TesterAgent:

-- Docs: https://docs.pytest.org/en/stable/how-to/capture-warnings.html
=========================== short test summary info ===========================
ERROR tests/test_gemini_agent_e2e.py
ERROR tests/test_genie_scaffolding.py
ERROR tests/test_ghost_void_integration.py
ERROR tests/test_handshake_flow.py
ERROR tests/test_locomotion_model.py
ERROR tests/test_middleware_runtime.py
ERROR tests/test_mlops_ticker.py
ERROR tests/test_plan_state_persistence.py
ERROR tests/test_tetris_aggregation.py
ERROR tests/test_tetris_observer.py
!!!!!!!!!!!!!!!!!! Interrupted: 10 errors during collection !!!!!!!!!!!!!!!!!!!
======================== 1 warning, 10 errors in 1.21s ========================
